// Jest Snapshot v1, https://goo.gl/fbAQLP

exports[`should render the Header correctly 1`] = `
<header
  className="header"
>
  <img
    className="header__image"
    src="../../images/AFavicon.png"
  />
  <h1
    className="header__title"
  >
    Expensify
  </h1>
  <NavLink
    activeClassName="is-active"
    exact={true}
    to="/"
  >
    Dashboard
  </NavLink>
  <NavLink
    activeClassName="is-active"
    to="/create"
  >
    Create Expense
  </NavLink>
</header>
`;
