// Jest Snapshot v1, https://goo.gl/fbAQLP

exports[`should render the login page 1`] = `
<div
  className="login"
>
  <form
    className="login"
    name="Login"
  >
    <button>
      Login with Google
    </button>
  </form>
</div>
`;
